00000000 A __fixup_entries
00000000 A __got2_entries
00004000 A env_offset
03fc0000 T start
03fc0000 T _start
03fc0000 T _stext
03fc007c t no_soft_reset
03fc00f6 t check_again
03fc014e t offset
03fc0176 t loop1
03fc01bc t WAIT_HERE
03fc01be T _real_start
03fc0214 t copy
03fc023e t DMA
03fc0262 t WAIT_DMA_DONE
03fc029c t _clear_bss
03fc029c t _clear_bss_end
03fc029e t _clear_bss_skip
03fc02a8 t reset_start
03fc02c0 t reset_wait
03fc02c2 t reset_end
03fc02c4 T _exit
03fc02c6 t get_pc
03fc02cc T start1
03fc02cc T _start1
03fc02d8 T _dump
03fc02e4 T _process_int
03fc02f8 T _init_IRQ
03fc0304 T _trap_c
03fc04e0 T _evt_emulation
03fc053e T _evt_nmi
03fc059a t _evt_nmi_exit
03fc059c T _trap
03fc064c T _evt_rst
03fc06a8 t _evt_rst_exit
03fc06aa t irq_panic
03fc06b6 T _evt_ivhw
03fc0708 t _evt_ivhw_exit
03fc070a T _evt_timer
03fc07b4 T _evt_evt7
03fc080e t evt_evt7_exit
03fc0860 T _evt_evt8
03fc08ba t evt_evt8_exit
03fc090c T _evt_evt9
03fc0966 t evt_evt9_exit
03fc09b8 T _evt_evt10
03fc0a12 t evt_evt10_exit
03fc0a64 T _evt_evt11
03fc0abe t evt_evt11_exit
03fc0b10 T _evt_evt12
03fc0b6a t evt_evt12_exit
03fc0bbc T _evt_evt13
03fc0c16 t evt_evt13_exit
03fc0c68 T _evt_system_call
03fc0d20 t evt_system_call_exit
03fc0d22 T _evt_soft_int1
03fc0dda t evt_soft_int1_exit
03fc0ddc T _serial_tstc
03fc0df4 T _serial_getc
03fc0e28 T _serial_putc
03fc0ea0 T _serial_puts
03fc0ec0 T _calc_baud
03fc0f20 T _serial_setbrg
03fc0fa0 T _serial_init
03fc0fb0 T _malloc_bin_reloc
03fc0fe0 T _malloc_usable_size
03fc1018 T _mallopt
03fc106c T _malloc_trim
03fc110c T _free
03fc12c8 T _cfree
03fc12d4 T _malloc
03fc177c T _memalign
03fc1854 T _pvalloc
03fc1870 T _valloc
03fc1884 T _calloc
03fc1920 T _realloc
03fc1c14 T _crc32
03fc4000 T _environment
03fc6000 T _env_size
03fc6008 T _blackfin_icache_flush_range
03fc6020 T _blackfin_dcache_flush_range
03fc6038 T _icache_invalidate
03fc6038 T _invalidate_entire_icache
03fc606c T _dcache_invalidate
03fc606c T _invalidate_entire_dcache
03fc609c T _blackfin_dcache_invalidate_range
03fc60b8 T _flush_instruction_cache
03fc60d6 t inext
03fc60e2 t iskip
03fc60f4 T _icplb_flush
03fc6140 t ifs1
03fc6146 t ifs0
03fc616a t ife0
03fc616a t ifskip
03fc616c t ife1
03fc616e t ifinished
03fc6180 t iflush_whole_page
03fc6194 t isall
03fc6196 t ieall
03fc619c T _flush_data_cache
03fc61ba t next
03fc61d0 t skip
03fc61e4 T _dcplb_flush
03fc6220 t bank_chosen
03fc6254 t fs1
03fc625c t fs0
03fc628a t fe0
03fc628a t fskip
03fc628c t fe1
03fc628e t dfinished
03fc62a0 t dflush_whole_page
03fc62b4 t eall
03fc62bc t page_prefix_table
03fc62cc T init_sdram
03fc62cc t .page_prefix_table.end
03fc6310 t skip
03fc632c T _initdram
03fc6344 T _checkboard
03fc6380 T _do_bootldr
03fc6410 T _do_reset
03fc6428 T _cpu_init
03fc6434 T _cleanup_before_linux
03fc6440 T _icache_status
03fc6460 T _dcache_status
03fc6478 T _dcache_disable
03fc64c8 T _icache_disable
03fc6504 T _dcache_enable
03fc65c8 T _icache_enable
03fc66a8 T _blackfin_init_IRQ
03fc679c T _display_excp
03fc67b0 T _exception_handle
03fc67bc T _blackfin_irq_panic
03fc6828 T _get_tbclk
03fc6838 T _enable_interrupts
03fc6850 T _disable_interrupts
03fc6868 T _interrupt_init
03fc6874 T _udelay
03fc68b8 T _timer_init
03fc6900 T _get_timer
03fc6960 T _get_ticks
03fc6974 T _reset_timer
03fc698c T _memset
03fc69ec t _get_vco
03fc6a20 T _get_cclk
03fc6a7c T _get_sclk
03fc6ab8 T _sbrk
03fc6af4 T _init_cplbtables
03fc6bd8 T _hang
03fc6bec T _board_init_r
03fc6d08 T _board_init_f
03fc6e5c T _strcpy
03fc6e78 T _strncpy
03fc6ea0 T _strcmp
03fc6ec0 T _strncmp
03fc6ef0 T _dma_memcpy
03fc6f54 T _memcpy
03fc6fd4 T _memcpy_ASM
03fc704c t ___fswab16
03fc7060 t ___fswab32
03fc708c t _startAgainTimeout
03fc70a4 t _startAgainHandler
03fc70b0 T _NetSetHandler
03fc70c4 T _NetCksum
03fc70f0 T _NetCksumOk
03fc710c T _copy_filename
03fc7144 T _string_to_VLAN
03fc7180 T _getenv_VLAN
03fc7194 T _string_to_ip
03fc71e8 T _getenv_IPaddr
03fc71f8 T _NetEthHdrSize
03fc7230 T _VLAN_to_string
03fc7280 T _ip_to_string
03fc72bc T _print_IPaddr
03fc72dc T _NetSetEther
03fc737c t _NetCopyIP
03fc738c T _NetSetIP
03fc7440 t _NetWriteIP
03fc7458 t _NetReadIP
03fc7470 t _PingHandler
03fc749c T _NetSendPacket
03fc74a8 T _ArpRequest
03fc75ac T _NetReceive
03fc7a00 T _PingSend
03fc7b30 T _NetSetTimeout
03fc7b68 T _NetSendUDPPacket
03fc7c7c t _PingTimeout
03fc7c98 T _NetStartAgain
03fc7d58 T _ArpTimeoutCheck
03fc7dcc T _NetLoop
03fc8248 t ___fswab16
03fc825c t _TftpSend
03fc83a8 T _TftpStart
03fc85a0 t _TftpTimeout
03fc85f0 t _TftpHandler
03fc883c t ___fswab16
03fc8850 t ___fswab32
03fc887c t _truncate_sz
03fc88a8 t _NetCopyLong
03fc88b8 t _NetCopyIP
03fc88c8 t _DhcpOptionsProcess
03fc8a58 t _NetWriteIP
03fc8a70 t _NetReadLong
03fc8a88 t _DhcpExtended
03fc8bf8 T _BootpRequest
03fc8d8c T _DhcpRequest
03fc8d98 t _BootpCopyNetParams
03fc8e34 t _DhcpHandler
03fc90ec t _BootpTimeout
03fc912c T _RarpRequest
03fc920c t _RarpHandler
03fc9260 t _RarpTimeout
03fc92a0 T _eth_get_dev
03fc92b4 T _eth_get_dev_index
03fc92f0 T _eth_halt
03fc9318 T _eth_send
03fc9344 T _eth_rx
03fc9368 T _eth_get_name
03fc9388 T _eth_get_dev_by_name
03fc93cc T _eth_set_current
03fc943c T _eth_try_another
03fc94b8 T _eth_init
03fc9508 T _eth_register
03fc9580 T _eth_set_enetaddr
03fc9600 T _eth_initialize
03fc9808 t ___fswab32
03fc9834 t _NfsTimeout
03fc9858 t _basename
03fc9888 t _dirname
03fc98a8 t _rpc_lookup_reply
03fc992c t _rpc_add_credentials
03fc99e0 t _rpc_req
03fc9ac8 t _rpc_lookup_req
03fc9b0c t _NfsSend
03fc9d10 T _NfsStart
03fc9f4c t _NfsHandler
03fca374 T _AT45F_DataflashSelect
03fca3d0 T _addr_dataflash
03fca3fc T _size_dataflash
03fca434 T _prot_dataflash
03fca474 T _dataflash_real_protect
03fca550 T _addr2info
03fca55c T _dataflash_perror
03fca5e4 T _dataflash_print_info
03fca6dc T _write_dataflash
03fca744 T _read_dataflash
03fca794 T _AT45F_DataflashInit
03fca9a8 t _nc_wait_arp_handler
03fca9c0 t _nc_handler
03fca9e4 t _nc_timeout
03fca9fc T _drv_nc_init
03fcaa6c T _nc_tstc
03fcaad4 T _nc_getc
03fcab50 T _nc_input_packet
03fcabe4 t _nc_send_packet
03fcace4 T _nc_puts
03fcad20 T _nc_putc
03fcad54 T _nc_start
03fcae28 T _NcStart
03fcaee4 T _run_command
03fcb20c T _do_run
03fcb270 t _cread_add_char
03fcb320 t _cread_add_str
03fcb35c T _readline
03fcb84c T _reset_cmd_timeout
03fcb89c T _init_cmd_timeout
03fcb8d0 T _main_loop
03fcba10 t ___fswab32
03fcba3c T _autoscript
03fcbb98 T _do_autoscript
03fcbbd0 t _print_num
03fcbbec T _do_bdinfo
03fcbcd0 T _do_go
03fcbd58 t ___fswab32
03fcbd84 T _gunzip
03fcbe90 t _zfree
03fcbea0 t _zalloc
03fcbeb4 T _print_image_hdr
03fcc174 t _image_info
03fcc23c T _do_iminfo
03fcc294 T _do_bootd
03fcc2b8 T _do_bootm
03fcc788 t _on_off
03fcc7c4 T _do_dcache
03fcc82c T _do_icache
03fcc894 T _do_coninfo
03fcc94c T _valid_elf_image
03fcc98c T _load_elf_image
03fccab8 T _do_bootvx
03fccbf4 T _do_bootelf
03fccca4 t _evalstr
03fccccc t _evalexp
03fccd14 T _binary_test
03fcce28 T _do_itest
03fcce9c T _ktrans
03fcced0 T _chk1
03fccef8 t _bin_data_init
03fccf2c t _bin_data_char
03fccf64 T _k_data_init
03fccf84 T _k_data_save
03fccfe0 T _k_data_restore
03fcd03c T _k_data_char
03fcd098 T _send_pad
03fcd0c8 T _s1_sendpacket
03fcd0ec T _handle_send_packet
03fcd2a4 T _send_nack
03fcd300 T _send_ack
03fcd35c t _getcxmodem
03fcd378 T _do_load_serial_bin
03fcd90c T _do_load_serial
03fcdb24 T _do_mem_base
03fcdb60 T _do_mem_crc
03fcdbe4 T _do_mem_mtest
03fcdcb4 T _cmd_get_data_size
03fcdd18 t _mod_mem
03fcde84 T _do_mem_nm
03fcdea0 T _do_mem_mm
03fcdebc T _do_mem_loop
03fcdf68 T _do_mem_cp
03fce0ac T _do_mem_cmp
03fce214 T _do_mem_mw
03fce2b8 T _do_mem_md
03fce49c t _extract_range
03fce4e0 T _MII_dump_0_to_5
03fce734 T _do_mii
03fceb04 T _do_sleep
03fceb70 T _do_ping
03fcebdc t _netboot_common
03fcee10 T _do_nfs
03fcee20 T _do_dhcp
03fcee30 T _do_rarpb
03fcee40 T _do_tftpb
03fcee50 T _do_bootp
03fcee60 t _envmatch
03fceeb8 T _getenv_r
03fcef50 T _getenv
03fcefb8 T __do_setenv
03fcf398 T _do_setenv
03fcf3c8 T _setenv
03fcf3f0 T _do_printenv
03fcf544 T _find_cmd
03fcf5b0 T _do_echo
03fcf618 T _do_help
03fcf750 T _do_version
03fcf770 t _console_setfile
03fcf7dc T _fgetc
03fcf804 T _ftstc
03fcf82c T _fputc
03fcf854 T _fputs
03fcf87c T _disable_ctrlc
03fcf894 T _had_ctrlc
03fcf8a8 T _clear_ctrlc
03fcf8c0 T _dbg
03fcf8d0 T _console_init_f
03fcf8e0 T _console_assign
03fcf954 T _fprintf
03fcf984 T _puts
03fcf9a4 T _vprintf
03fcf9cc T _printf
03fcf9f8 T _console_init_r
03fcfb50 T _serial_printf
03fcfb7c T _putc
03fcfb9c T _tstc
03fcfbb8 T _getc
03fcfbd4 T _ctrlc
03fcfc14 T _devices_done
03fcfc30 T _device_register
03fcfc50 T _devices_init
03fcfcf8 T _env_get_char_memory
03fcfd1c T _env_get_addr
03fcfd3c t _env_get_char_init
03fcfd68 T _env_crc_update
03fcfd90 T _env_relocate
03fcfe10 T _env_get_char_spec
03fcfe24 T _env_relocate_spec
03fcfe30 T _env_init
03fcfe7c t _dummy
03fcfe88 T _get_version
03fcfe94 T _jumptable_init
03fcff1c T _GetHandleSize
03fcff2c T _ListSetAllocationPolicy
03fcff40 T _ListGetPtrToItem
03fcff6c T _ListGetDataPtr
03fcff7c T _ListGetItemSize
03fcff8c T _ListNumItems
03fcff9c T _ListGetItems
03fcffd4 T _SetHandleSize
03fd0028 T _ListInsertItems
03fd0188 T _ListInsertItem
03fd019c T _DisposeHandle
03fd01c4 T _ListDispose
03fd01d0 T _NewHandle
03fd0214 T _ListCreate
03fd0250 T _miiphy_init
03fd0274 T _miiphy_get_current_dev
03fd0294 T _miiphy_write
03fd0310 T _miiphy_read
03fd0388 T _miiphy_duplex
03fd03f4 T _miiphy_speed
03fd0464 T _miiphy_reset
03fd04ec T _miiphy_info
03fd055c T _miiphy_register
03fd0618 T _miiphy_listdev
03fd0688 T _miiphy_set_current_dev
03fd06e0 t _hex1_bin
03fd072c t _hex2_bin
03fd0764 T _srec_decode
03fd08f8 T _parse_num
03fd09f0 T _xyzModem_error
03fd0a68 T _xyzModem_stream_close
03fd0ab4 T _CYGACC_COMM_IF_PUTC
03fd0ac4 T _CYGACC_COMM_IF_GETC_TIMEOUT
03fd0b08 t _xyzModem_flush
03fd0b2c T _xyzModem_stream_terminate
03fd0bc4 t _xyzModem_get_hdr
03fd0db4 T _xyzModem_stream_read
03fd0fc0 T _xyzModem_stream_open
03fd1100 T _cyg_crc16
03fd1140 T _print_size
03fd11dc T _display_options
03fd11fc T _strcat
03fd1234 T _strncat
03fd1278 T _strchr
03fd12a4 T _strlen
03fd12d0 T _strrchr
03fd1308 T _strnlen
03fd1344 T _strspn
03fd1390 T _strpbrk
03fd13d4 T _strtok
03fd1450 T _strsep
03fd1480 T _strswab
03fd14c4 T _bcopy
03fd14e8 T _memscan
03fd151c T _memchr
03fd1548 T _strstr
03fd1594 T _strdup
03fd15cc T _simple_strtoul
03fd16b8 T _simple_strtol
03fd16e0 t _skip_atoi
03fd172c t _number
03fd191c T _panic
03fd1938 T _vsprintf
03fd1c20 T _sprintf
03fd1c38 t _falloc
03fd1c5c t _ffree
03fd1c68 t _inflate_trees_free
03fd1ca0 t _huft_build
03fd2210 t _inflate_codes_new
03fd224c t _inflate_codes_free
03fd2264 t _inflate_blocks_reset
03fd22fc T _inflateEnd
03fd2374 T _inflateReset
03fd23b8 T _inflateSync
03fd2470 T _inflateInit2
03fd2548 T _inflateInit
03fd2558 T _adler32
03fd26a8 t _inflate_flush
03fd2790 T _inflateIncomp
03fd2870 T _inflate
03fd41cc t _bfin_EMAC_halt
03fd41f8 T _PollMdcDone
03fd4210 T _WrPHYReg
03fd4248 T _RdPHYReg
03fd429c T _SoftResetPHY
03fd42c8 T _SetupTxBuffer
03fd436c T _SetupRxBuffer
03fd4414 T _SetupSystemRegs
03fd44ec T _SetupMacAddr
03fd457c T _bfin_EMAC_initialize
03fd45e8 t _bfin_EMAC_recv
03fd46ac t _bfin_EMAC_send
03fd47b0 t _bfin_EMAC_init
03fd4898 T _AT45F_SpiInit
03fd48d8 T _AT45F_SpiEnable
03fd4904 T _AT45F_SpiDisable
03fd4920 T _AT45F_WaitRXS
03fd4948 T _AT45F_TransferByte
03fd497c T _AT45F_SpiWrite
03fd49f8 T _AT45F_DataFlashWriteBuffer
03fd4ab0 T _AT45F_DataFlashGetStatus
03fd4b08 T _AT45F_DataflashProbe
03fd4b30 T _AT45F_DataFlashWaitReady
03fd4b70 T _AT45F_DataFlashSendCommand
03fd4c54 T _AT45F_SpiEnsurePowerOf2
03fd4c8c T _AT45F_WriteBufferToMain
03fd4cdc T _AT45F_BlockErase
03fd4d10 T _AT45F_PageErase
03fd4d44 T _AT45F_MainMemoryToBufferTransfert
03fd4d8c T _AT45F_PartialPageWrite
03fd4e30 T _AT45F_DataFlashWrite
03fd4f40 T _AT45F_DataFlashPagePgmBuf
03fd4f74 T _AT45F_DataFlashContinuousRead
03fd4fb4 T _AT45F_DataFlashRead
03fd5024 T _memcmp
03fd507c T _memmove
03fd50ec T _do_bootm_linux
03fd5188 T _flush_cache
03fd51e8 T ___muldi3
03fd5250 T ___udivsi3
03fd5270 T ___umodsi3
03fd527c T ___umulsi3_highpart
03fd529c T ___smulsi3_highpart
03fd52b8 A _etext
03fd52b8 r _cplb_sizes
03fd52c8 r _crc_table
03fd5854 r _baudrate_table
03fd58b0 r _crc16_tab
03fd5cb8 r _border
03fd5d04 r _inflate_mask
03fd5d48 R _rxdmacfg
03fd5d4a R _txdmacfg
03fd9c60 A _erodata
03fd9c60 D _baud_table
03fd9c74 d _trim_threshold
03fd9c78 d _mmap_threshold
03fd9c7c d _av_
03fd9d00 A _erotext
03fd9d00 A _FIXUP_TABLE_
03fd9d00 A _GOT2_TABLE_
03fda084 d _sbrk_base
03fda088 D _NetBcastAddr
03fda08e D _NetOurVLAN
03fda090 D _NetOurNativeVLAN
03fda094 d _nfs_offset
03fda098 D _cs
03fda0a8 D _area_list
03fda0d8 d _hist_cur
03fda0dc d _retry_time
03fda0e0 D _load_addr
03fda0e4 D _op_table
03fda14c d _do_echo
03fda150 D _dp_last_length
03fda154 D _reg_0_5_desc_tbl
03fda184 D _reg_0_desc_tbl
03fda1fc D _reg_1_desc_tbl
03fda2bc D _reg_2_desc_tbl
03fda2c8 D _reg_3_desc_tbl
03fda2ec D _reg_4_desc_tbl
03fda37c D _reg_5_desc_tbl
03fda40c D _desc_and_len_tbl
03fda43c D _stdio_names
03fda448 D _env_get_char
03fda44c D _default_environment
03fda7a8 D _env_name_spec
03fda7ac D _env_ptr
03fda7b0 D _zlib_version
03fda7b4 D _z_errmsg
03fda7d4 d _cplens
03fda850 d _cplext
03fda8cc d _cpdist
03fda944 d _cpdext
03fda9bc d _fixed_left
03fda9c0 D __ctype
03fdaac0 D _SrcAddr
03fdaac8 A edata
03fdaac8 A _edata
03fdaac8 A ___u_boot_cmd_start
03fdaac8 D ___u_boot_cmd_bootldr
03fdaae0 D ___u_boot_cmd_autoscr
03fdaaf8 D ___u_boot_cmd_bdinfo
03fdab10 D ___u_boot_cmd_go
03fdab28 D ___u_boot_cmd_reset
03fdab40 D ___u_boot_cmd_bootm
03fdab58 D ___u_boot_cmd_boot
03fdab70 D ___u_boot_cmd_bootd
03fdab88 D ___u_boot_cmd_iminfo
03fdaba0 D ___u_boot_cmd_icache
03fdabb8 D ___u_boot_cmd_dcache
03fdabd0 D ___u_boot_cmd_coninfo
03fdabe8 D ___u_boot_cmd_bootelf
03fdac00 D ___u_boot_cmd_bootvx
03fdac18 D ___u_boot_cmd_itest
03fdac30 D ___u_boot_cmd_loads
03fdac48 D ___u_boot_cmd_loadb
03fdac60 D ___u_boot_cmd_loady
03fdac78 D ___u_boot_cmd_md
03fdac90 D ___u_boot_cmd_mm
03fdaca8 D ___u_boot_cmd_nm
03fdacc0 D ___u_boot_cmd_mw
03fdacd8 D ___u_boot_cmd_cp
03fdacf0 D ___u_boot_cmd_cmp
03fdad08 D ___u_boot_cmd_crc32
03fdad20 D ___u_boot_cmd_base
03fdad38 D ___u_boot_cmd_loop
03fdad50 D ___u_boot_cmd_mtest
03fdad68 D ___u_boot_cmd_mii
03fdad80 D ___u_boot_cmd_sleep
03fdad98 D ___u_boot_cmd_bootp
03fdadb0 D ___u_boot_cmd_tftpboot
03fdadc8 D ___u_boot_cmd_rarpboot
03fdade0 D ___u_boot_cmd_dhcp
03fdadf8 D ___u_boot_cmd_nfs
03fdae10 D ___u_boot_cmd_ping
03fdae28 D ___u_boot_cmd_printenv
03fdae40 D ___u_boot_cmd_setenv
03fdae58 D ___u_boot_cmd_run
03fdae70 D ___u_boot_cmd_version
03fdae88 D ___u_boot_cmd_echo
03fdaea0 D ___u_boot_cmd_help
03fdaeb8 D ___u_boot_cmd_question_mark
03fdaed0 A __start___ex_table
03fdaed0 A __stop___ex_table
03fdaed0 A ___u_boot_cmd_end
03fdaed0 B __bss_start
03fdaed0 b _top_pad
03fdaed4 b _n_mmaps_max
03fdaed8 b _current_mallinfo
03fdaf00 A __init_begin
03fdaf00 A __init_end
03fdaf00 b _max_sbrked_mem
03fdaf04 b _max_total_mem
03fdaf08 b _timestamp
03fdaf0c b _last_time
03fdaf10 b _int_flag
03fdaf14 b _mem_malloc_start
03fdaf18 b _mem_malloc_end
03fdaf1c b _mem_malloc_brk
03fdaf20 B _NetOurSubnetMask
03fdaf24 B _NetOurGatewayIP
03fdaf28 B _NetOurDNSIP
03fdaf2c B _NetOurNISDomain
03fdaf4c B _NetOurHostName
03fdaf6c B _NetOurRootPath
03fdafac B _NetBootFileSize
03fdafae B _NetServerEther
03fdafb4 B _NetEtherNullAddr
03fdafbc B _NetRestartWrap
03fdafc0 B _NetTxPacket
03fdafc4 b _mac.2713
03fdafcc b _NetRestarted
03fdafd0 b _NetDevExists
03fdafd4 b _packetHandler
03fdafd8 b _timeHandler
03fdafdc b _timeStart
03fdafe0 b _timeDelta
03fdafe4 b _PingSeqNo
03fdafe8 b _TftpServerPort
03fdafec b _TftpOurPort
03fdaff0 b _TftpTimeoutCount
03fdaff4 b _TftpBlock
03fdaff8 b _TftpLastBlock
03fdaffc b _TftpBlockWrap
03fdb000 b _TftpBlockWrapOffset
03fdb004 b _TftpState
03fdb008 b _default_filename
03fdb018 b _tftp_filename
03fdb01c B _dhcp_state
03fdb020 B _dhcp_leasetime
03fdb024 B _NetDHCPServerIP
03fdb028 b _first_failed.2661
03fdb02c b _eth_devices
03fdb030 b _eth_current
03fdb034 b _rpc_id
03fdb038 b _fs_mounted
03fdb03c b _nfs_len
03fdb040 b _dirfh
03fdb060 b _filefh
03fdb080 b _NfsDownloadState
03fdb084 b _NfsServerIP
03fdb088 b _NfsSrvMountPort
03fdb08c b _NfsSrvNfsPort
03fdb090 b _NfsOurPort
03fdb094 b _NfsTimeoutCount
03fdb098 b _NfsState
03fdb09c b _default_filename
03fdb0dc b _nfs_filename
03fdb0e0 b _nfs_path
03fdb0e4 b _nfs_path_buff
03fdb8e4 b _DataFlashInst
03fdb8ec b _input_recursion
03fdb8f0 b _input_size
03fdb8f4 b _input_offset
03fdb8f8 b _output_recursion
03fdb8fc b _output_packet_len
03fdb900 b _input_buffer
03fdbb00 b _net_timeout
03fdbb04 b _nc_ether
03fdbb0c b _nc_ip
03fdbb10 b _nc_port
03fdbb14 b _output_packet
03fdbb18 B _hist_num
03fdbb1c b _initted.2412
03fdbb20 b _hist_max
03fdbb24 b _hist_add_idx
03fdbb28 b _endtime
03fdbb30 b _lastcommand.2181
03fdbc30 b _a_b
03fdbc48 b _os_data_state
03fdbc4c b _os_data_state_saved
03fdbc50 b _os_data_count_saved
03fdbc54 b _os_data_addr
03fdbc58 b _os_data_addr_saved
03fdbc5c b _bin_start_address
03fdbc60 b _k_data_escape
03fdbc64 b _k_data_escape_saved
03fdbc68 b _base_address
03fdbc6c b _ctrlc_was_pressed
03fdbc70 b _ctrlc_disabled
03fdbc74 B _devlist
03fdbc78 B _stdio_devices
03fdbc84 b _mii_devs
03fdbc8c b _current_mii
03fdbc90 b _xyz
03fdc0cc b _fixed_lock
03fdc0d0 b _fixed_built
03fdc0d4 b _fixed_mem
03fdd164 b _fixed_bl
03fdd168 b _fixed_bd
03fdd16c b _fixed_tl
03fdd170 b _fixed_td
03fdd174 b _txIdx
03fdd176 b _rxIdx
03fdd178 B _last_cplb_fault_retx
03fdd17c B _hw_baud_table
03fdd188 B _pll_div_fact
03fdd18c B _irq_flags
03fdd190 B _version_string
03fdd228 B _g_addr
03fdd22c B _icplb_table
03fdd2bc B _dcplb_table
03fdd34c B _monitor_flash_len
03fdd350 B _NetArpWaitPacketMAC
03fdd354 B _NetRxPackets
03fdd364 B _NetBootFileXferSize
03fdd368 B _NetArpWaitPacketBuf
03fdd988 B _NetArpWaitReplyIP
03fdd98c B _NetPingIP
03fdd990 B _NetArpWaitPacketIP
03fdd994 B _NetState
03fdd998 B _NetArpWaitTry
03fdd99c B _NetArpWaitTxPacket
03fdd9a0 B _NetArpWaitTxPacketSize
03fdd9a4 B _NetServerIP
03fdd9a8 B _NetOurEther
03fdd9b0 B _NetIPID
03fdd9b4 B _NetArpWaitTimerStart
03fdd9b8 B _PktBuf
03fdf7d8 B _NetRxPktLen
03fdf7dc B _NetRxPkt
03fdf7e0 B _BootFile
03fdf860 B _NetOurIP
03fdf864 B _BootpTry
03fdf868 B _BootpID
03fdf86c B _RarpTry
03fdf870 B _dataflash_info
03fdf960 B _console_buffer
03fdfa60 B _hist_lines
03fe0e60 B _hist_list
03fe0eb0 B _header
03fe0ef0 B _send_ptr
03fe0ef4 B _his_quote
03fe0ef8 B _os_data_char
03fe0efc B _os_data_header
03fe0f1c B _his_pad_count
03fe0f20 B _os_data_count
03fe0f24 B _os_data_init
03fe0f28 B _his_eol
03fe0f29 B _his_pad_char
03fe0f2a B _send_parms
03fe0f40 B _mm_last_addr
03fe0f44 B _mm_last_size
03fe0f48 B _dp_last_size
03fe0f4c B _dp_last_addr
03fe0f50 B _last_reg_hi
03fe0f54 B _last_addr_lo
03fe0f58 B _last_data
03fe0f5c B _last_reg_lo
03fe0f60 B _last_addr_hi
03fe0f64 B _last_op
03fe0f68 B ____strtok
03fe0f6c B _PHYregs
03fe0fac B _txbuf
03fe0fb0 B _rxbuf
03fe0fc0 A _end
ff900000 A _erodata_l1
ff900000 A _rodata_l1
ffa00000 A _etext_l1
ffa00000 A _text_l1
